// Jest Snapshot v1, https://goo.gl/fbAQLP

exports[`CanvasBuilder should deselect last selected pixel when clicking over it 1`] = `
Array [
  Object {
    "props": Object {
      "height": 40,
      "width": 40,
      "x": 0,
      "y": 0,
    },
    "transform": Array [
      1,
      0,
      0,
      1,
      0,
      0,
    ],
    "type": "fillRect",
  },
  Object {
    "props": Object {
      "height": 40,
      "width": 40,
      "x": 40,
      "y": 0,
    },
    "transform": Array [
      1,
      0,
      0,
      1,
      0,
      0,
    ],
    "type": "fillRect",
  },
  Object {
    "props": Object {
      "height": 40,
      "width": 40,
      "x": 80,
      "y": 0,
    },
    "transform": Array [
      1,
      0,
      0,
      1,
      0,
      0,
    ],
    "type": "fillRect",
  },
  Object {
    "props": Object {
      "height": 40,
      "width": 40,
      "x": 120,
      "y": 0,
    },
    "transform": Array [
      1,
      0,
      0,
      1,
      0,
      0,
    ],
    "type": "fillRect",
  },
  Object {
    "props": Object {
      "height": 40,
      "width": 40,
      "x": 160,
      "y": 0,
    },
    "transform": Array [
      1,
      0,
      0,
      1,
      0,
      0,
    ],
    "type": "fillRect",
  },
  Object {
    "props": Object {
      "height": 40,
      "width": 40,
      "x": 0,
      "y": 40,
    },
    "transform": Array [
      1,
      0,
      0,
      1,
      0,
      0,
    ],
    "type": "fillRect",
  },
  Object {
    "props": Object {
      "height": 40,
      "width": 40,
      "x": 40,
      "y": 40,
    },
    "transform": Array [
      1,
      0,
      0,
      1,
      0,
      0,
    ],
    "type": "fillRect",
  },
  Object {
    "props": Object {
      "height": 40,
      "width": 40,
      "x": 80,
      "y": 40,
    },
    "transform": Array [
      1,
      0,
      0,
      1,
      0,
      0,
    ],
    "type": "fillRect",
  },
  Object {
    "props": Object {
      "height": 40,
      "width": 40,
      "x": 120,
      "y": 40,
    },
    "transform": Array [
      1,
      0,
      0,
      1,
      0,
      0,
    ],
    "type": "fillRect",
  },
  Object {
    "props": Object {
      "height": 40,
      "width": 40,
      "x": 160,
      "y": 40,
    },
    "transform": Array [
      1,
      0,
      0,
      1,
      0,
      0,
    ],
    "type": "fillRect",
  },
  Object {
    "props": Object {
      "height": 40,
      "width": 40,
      "x": 0,
      "y": 80,
    },
    "transform": Array [
      1,
      0,
      0,
      1,
      0,
      0,
    ],
    "type": "fillRect",
  },
  Object {
    "props": Object {
      "height": 40,
      "width": 40,
      "x": 40,
      "y": 80,
    },
    "transform": Array [
      1,
      0,
      0,
      1,
      0,
      0,
    ],
    "type": "fillRect",
  },
  Object {
    "props": Object {
      "height": 40,
      "width": 40,
      "x": 80,
      "y": 80,
    },
    "transform": Array [
      1,
      0,
      0,
      1,
      0,
      0,
    ],
    "type": "fillRect",
  },
  Object {
    "props": Object {
      "height": 40,
      "width": 40,
      "x": 120,
      "y": 80,
    },
    "transform": Array [
      1,
      0,
      0,
      1,
      0,
      0,
    ],
    "type": "fillRect",
  },
  Object {
    "props": Object {
      "height": 40,
      "width": 40,
      "x": 160,
      "y": 80,
    },
    "transform": Array [
      1,
      0,
      0,
      1,
      0,
      0,
    ],
    "type": "fillRect",
  },
  Object {
    "props": Object {
      "height": 40,
      "width": 40,
      "x": 0,
      "y": 120,
    },
    "transform": Array [
      1,
      0,
      0,
      1,
      0,
      0,
    ],
    "type": "fillRect",
  },
  Object {
    "props": Object {
      "height": 40,
      "width": 40,
      "x": 40,
      "y": 120,
    },
    "transform": Array [
      1,
      0,
      0,
      1,
      0,
      0,
    ],
    "type": "fillRect",
  },
  Object {
    "props": Object {
      "height": 40,
      "width": 40,
      "x": 80,
      "y": 120,
    },
    "transform": Array [
      1,
      0,
      0,
      1,
      0,
      0,
    ],
    "type": "fillRect",
  },
  Object {
    "props": Object {
      "height": 40,
      "width": 40,
      "x": 120,
      "y": 120,
    },
    "transform": Array [
      1,
      0,
      0,
      1,
      0,
      0,
    ],
    "type": "fillRect",
  },
  Object {
    "props": Object {
      "height": 40,
      "width": 40,
      "x": 160,
      "y": 120,
    },
    "transform": Array [
      1,
      0,
      0,
      1,
      0,
      0,
    ],
    "type": "fillRect",
  },
  Object {
    "props": Object {
      "height": 40,
      "width": 40,
      "x": 0,
      "y": 160,
    },
    "transform": Array [
      1,
      0,
      0,
      1,
      0,
      0,
    ],
    "type": "fillRect",
  },
  Object {
    "props": Object {
      "height": 40,
      "width": 40,
      "x": 40,
      "y": 160,
    },
    "transform": Array [
      1,
      0,
      0,
      1,
      0,
      0,
    ],
    "type": "fillRect",
  },
  Object {
    "props": Object {
      "height": 40,
      "width": 40,
      "x": 80,
      "y": 160,
    },
    "transform": Array [
      1,
      0,
      0,
      1,
      0,
      0,
    ],
    "type": "fillRect",
  },
  Object {
    "props": Object {
      "height": 40,
      "width": 40,
      "x": 120,
      "y": 160,
    },
    "transform": Array [
      1,
      0,
      0,
      1,
      0,
      0,
    ],
    "type": "fillRect",
  },
  Object {
    "props": Object {
      "height": 40,
      "width": 40,
      "x": 160,
      "y": 160,
    },
    "transform": Array [
      1,
      0,
      0,
      1,
      0,
      0,
    ],
    "type": "fillRect",
  },
  Object {
    "props": Object {
      "height": 43,
      "width": 43,
      "x": 0,
      "y": 0,
    },
    "transform": Array [
      1,
      0,
      0,
      1,
      0,
      0,
    ],
    "type": "fillRect",
  },
  Object {
    "props": Object {
      "height": 42,
      "width": 42,
      "x": -1,
      "y": -1,
    },
    "transform": Array [
      1,
      0,
      0,
      1,
      0,
      0,
    ],
    "type": "fillRect",
  },
  Object {
    "props": Object {
      "height": 40,
      "width": 40,
      "x": 0,
      "y": 0,
    },
    "transform": Array [
      1,
      0,
      0,
      1,
      0,
      0,
    ],
    "type": "fillRect",
  },
  Object {
    "props": Object {
      "height": 40,
      "width": 40,
      "x": 0,
      "y": 0,
    },
    "transform": Array [
      1,
      0,
      0,
      1,
      0,
      0,
    ],
    "type": "fillRect",
  },
  Object {
    "props": Object {
      "height": 40,
      "width": 40,
      "x": 40,
      "y": 0,
    },
    "transform": Array [
      1,
      0,
      0,
      1,
      0,
      0,
    ],
    "type": "fillRect",
  },
  Object {
    "props": Object {
      "height": 40,
      "width": 40,
      "x": 0,
      "y": 40,
    },
    "transform": Array [
      1,
      0,
      0,
      1,
      0,
      0,
    ],
    "type": "fillRect",
  },
  Object {
    "props": Object {
      "height": 40,
      "width": 40,
      "x": 40,
      "y": 40,
    },
    "transform": Array [
      1,
      0,
      0,
      1,
      0,
      0,
    ],
    "type": "fillRect",
  },
  Object {
    "props": Object {
      "height": 43,
      "width": 43,
      "x": 160,
      "y": 160,
    },
    "transform": Array [
      1,
      0,
      0,
      1,
      0,
      0,
    ],
    "type": "fillRect",
  },
  Object {
    "props": Object {
      "height": 42,
      "width": 42,
      "x": 159,
      "y": 159,
    },
    "transform": Array [
      1,
      0,
      0,
      1,
      0,
      0,
    ],
    "type": "fillRect",
  },
  Object {
    "props": Object {
      "height": 40,
      "width": 40,
      "x": 160,
      "y": 160,
    },
    "transform": Array [
      1,
      0,
      0,
      1,
      0,
      0,
    ],
    "type": "fillRect",
  },
  Object {
    "props": Object {
      "height": 40,
      "width": 40,
      "x": 160,
      "y": 160,
    },
    "transform": Array [
      1,
      0,
      0,
      1,
      0,
      0,
    ],
    "type": "fillRect",
  },
  Object {
    "props": Object {
      "height": 40,
      "width": 40,
      "x": 120,
      "y": 160,
    },
    "transform": Array [
      1,
      0,
      0,
      1,
      0,
      0,
    ],
    "type": "fillRect",
  },
  Object {
    "props": Object {
      "height": 40,
      "width": 40,
      "x": 160,
      "y": 120,
    },
    "transform": Array [
      1,
      0,
      0,
      1,
      0,
      0,
    ],
    "type": "fillRect",
  },
  Object {
    "props": Object {
      "height": 40,
      "width": 40,
      "x": 120,
      "y": 120,
    },
    "transform": Array [
      1,
      0,
      0,
      1,
      0,
      0,
    ],
    "type": "fillRect",
  },
]
`;

exports[`CanvasBuilder should match ctx snapshot 1`] = `
Array [
  Object {
    "props": Object {
      "height": 40,
      "width": 40,
      "x": 0,
      "y": 0,
    },
    "transform": Array [
      1,
      0,
      0,
      1,
      0,
      0,
    ],
    "type": "fillRect",
  },
  Object {
    "props": Object {
      "height": 40,
      "width": 40,
      "x": 40,
      "y": 0,
    },
    "transform": Array [
      1,
      0,
      0,
      1,
      0,
      0,
    ],
    "type": "fillRect",
  },
  Object {
    "props": Object {
      "height": 40,
      "width": 40,
      "x": 80,
      "y": 0,
    },
    "transform": Array [
      1,
      0,
      0,
      1,
      0,
      0,
    ],
    "type": "fillRect",
  },
  Object {
    "props": Object {
      "height": 40,
      "width": 40,
      "x": 120,
      "y": 0,
    },
    "transform": Array [
      1,
      0,
      0,
      1,
      0,
      0,
    ],
    "type": "fillRect",
  },
  Object {
    "props": Object {
      "height": 40,
      "width": 40,
      "x": 160,
      "y": 0,
    },
    "transform": Array [
      1,
      0,
      0,
      1,
      0,
      0,
    ],
    "type": "fillRect",
  },
  Object {
    "props": Object {
      "height": 40,
      "width": 40,
      "x": 0,
      "y": 40,
    },
    "transform": Array [
      1,
      0,
      0,
      1,
      0,
      0,
    ],
    "type": "fillRect",
  },
  Object {
    "props": Object {
      "height": 40,
      "width": 40,
      "x": 40,
      "y": 40,
    },
    "transform": Array [
      1,
      0,
      0,
      1,
      0,
      0,
    ],
    "type": "fillRect",
  },
  Object {
    "props": Object {
      "height": 40,
      "width": 40,
      "x": 80,
      "y": 40,
    },
    "transform": Array [
      1,
      0,
      0,
      1,
      0,
      0,
    ],
    "type": "fillRect",
  },
  Object {
    "props": Object {
      "height": 40,
      "width": 40,
      "x": 120,
      "y": 40,
    },
    "transform": Array [
      1,
      0,
      0,
      1,
      0,
      0,
    ],
    "type": "fillRect",
  },
  Object {
    "props": Object {
      "height": 40,
      "width": 40,
      "x": 160,
      "y": 40,
    },
    "transform": Array [
      1,
      0,
      0,
      1,
      0,
      0,
    ],
    "type": "fillRect",
  },
  Object {
    "props": Object {
      "height": 40,
      "width": 40,
      "x": 0,
      "y": 80,
    },
    "transform": Array [
      1,
      0,
      0,
      1,
      0,
      0,
    ],
    "type": "fillRect",
  },
  Object {
    "props": Object {
      "height": 40,
      "width": 40,
      "x": 40,
      "y": 80,
    },
    "transform": Array [
      1,
      0,
      0,
      1,
      0,
      0,
    ],
    "type": "fillRect",
  },
  Object {
    "props": Object {
      "height": 40,
      "width": 40,
      "x": 80,
      "y": 80,
    },
    "transform": Array [
      1,
      0,
      0,
      1,
      0,
      0,
    ],
    "type": "fillRect",
  },
  Object {
    "props": Object {
      "height": 40,
      "width": 40,
      "x": 120,
      "y": 80,
    },
    "transform": Array [
      1,
      0,
      0,
      1,
      0,
      0,
    ],
    "type": "fillRect",
  },
  Object {
    "props": Object {
      "height": 40,
      "width": 40,
      "x": 160,
      "y": 80,
    },
    "transform": Array [
      1,
      0,
      0,
      1,
      0,
      0,
    ],
    "type": "fillRect",
  },
  Object {
    "props": Object {
      "height": 40,
      "width": 40,
      "x": 0,
      "y": 120,
    },
    "transform": Array [
      1,
      0,
      0,
      1,
      0,
      0,
    ],
    "type": "fillRect",
  },
  Object {
    "props": Object {
      "height": 40,
      "width": 40,
      "x": 40,
      "y": 120,
    },
    "transform": Array [
      1,
      0,
      0,
      1,
      0,
      0,
    ],
    "type": "fillRect",
  },
  Object {
    "props": Object {
      "height": 40,
      "width": 40,
      "x": 80,
      "y": 120,
    },
    "transform": Array [
      1,
      0,
      0,
      1,
      0,
      0,
    ],
    "type": "fillRect",
  },
  Object {
    "props": Object {
      "height": 40,
      "width": 40,
      "x": 120,
      "y": 120,
    },
    "transform": Array [
      1,
      0,
      0,
      1,
      0,
      0,
    ],
    "type": "fillRect",
  },
  Object {
    "props": Object {
      "height": 40,
      "width": 40,
      "x": 160,
      "y": 120,
    },
    "transform": Array [
      1,
      0,
      0,
      1,
      0,
      0,
    ],
    "type": "fillRect",
  },
  Object {
    "props": Object {
      "height": 40,
      "width": 40,
      "x": 0,
      "y": 160,
    },
    "transform": Array [
      1,
      0,
      0,
      1,
      0,
      0,
    ],
    "type": "fillRect",
  },
  Object {
    "props": Object {
      "height": 40,
      "width": 40,
      "x": 40,
      "y": 160,
    },
    "transform": Array [
      1,
      0,
      0,
      1,
      0,
      0,
    ],
    "type": "fillRect",
  },
  Object {
    "props": Object {
      "height": 40,
      "width": 40,
      "x": 80,
      "y": 160,
    },
    "transform": Array [
      1,
      0,
      0,
      1,
      0,
      0,
    ],
    "type": "fillRect",
  },
  Object {
    "props": Object {
      "height": 40,
      "width": 40,
      "x": 120,
      "y": 160,
    },
    "transform": Array [
      1,
      0,
      0,
      1,
      0,
      0,
    ],
    "type": "fillRect",
  },
  Object {
    "props": Object {
      "height": 40,
      "width": 40,
      "x": 160,
      "y": 160,
    },
    "transform": Array [
      1,
      0,
      0,
      1,
      0,
      0,
    ],
    "type": "fillRect",
  },
]
`;

exports[`CanvasBuilder should select first pixel when clicking over it 1`] = `
Array [
  Object {
    "props": Object {
      "height": 40,
      "width": 40,
      "x": 0,
      "y": 0,
    },
    "transform": Array [
      1,
      0,
      0,
      1,
      0,
      0,
    ],
    "type": "fillRect",
  },
  Object {
    "props": Object {
      "height": 40,
      "width": 40,
      "x": 40,
      "y": 0,
    },
    "transform": Array [
      1,
      0,
      0,
      1,
      0,
      0,
    ],
    "type": "fillRect",
  },
  Object {
    "props": Object {
      "height": 40,
      "width": 40,
      "x": 80,
      "y": 0,
    },
    "transform": Array [
      1,
      0,
      0,
      1,
      0,
      0,
    ],
    "type": "fillRect",
  },
  Object {
    "props": Object {
      "height": 40,
      "width": 40,
      "x": 120,
      "y": 0,
    },
    "transform": Array [
      1,
      0,
      0,
      1,
      0,
      0,
    ],
    "type": "fillRect",
  },
  Object {
    "props": Object {
      "height": 40,
      "width": 40,
      "x": 160,
      "y": 0,
    },
    "transform": Array [
      1,
      0,
      0,
      1,
      0,
      0,
    ],
    "type": "fillRect",
  },
  Object {
    "props": Object {
      "height": 40,
      "width": 40,
      "x": 0,
      "y": 40,
    },
    "transform": Array [
      1,
      0,
      0,
      1,
      0,
      0,
    ],
    "type": "fillRect",
  },
  Object {
    "props": Object {
      "height": 40,
      "width": 40,
      "x": 40,
      "y": 40,
    },
    "transform": Array [
      1,
      0,
      0,
      1,
      0,
      0,
    ],
    "type": "fillRect",
  },
  Object {
    "props": Object {
      "height": 40,
      "width": 40,
      "x": 80,
      "y": 40,
    },
    "transform": Array [
      1,
      0,
      0,
      1,
      0,
      0,
    ],
    "type": "fillRect",
  },
  Object {
    "props": Object {
      "height": 40,
      "width": 40,
      "x": 120,
      "y": 40,
    },
    "transform": Array [
      1,
      0,
      0,
      1,
      0,
      0,
    ],
    "type": "fillRect",
  },
  Object {
    "props": Object {
      "height": 40,
      "width": 40,
      "x": 160,
      "y": 40,
    },
    "transform": Array [
      1,
      0,
      0,
      1,
      0,
      0,
    ],
    "type": "fillRect",
  },
  Object {
    "props": Object {
      "height": 40,
      "width": 40,
      "x": 0,
      "y": 80,
    },
    "transform": Array [
      1,
      0,
      0,
      1,
      0,
      0,
    ],
    "type": "fillRect",
  },
  Object {
    "props": Object {
      "height": 40,
      "width": 40,
      "x": 40,
      "y": 80,
    },
    "transform": Array [
      1,
      0,
      0,
      1,
      0,
      0,
    ],
    "type": "fillRect",
  },
  Object {
    "props": Object {
      "height": 40,
      "width": 40,
      "x": 80,
      "y": 80,
    },
    "transform": Array [
      1,
      0,
      0,
      1,
      0,
      0,
    ],
    "type": "fillRect",
  },
  Object {
    "props": Object {
      "height": 40,
      "width": 40,
      "x": 120,
      "y": 80,
    },
    "transform": Array [
      1,
      0,
      0,
      1,
      0,
      0,
    ],
    "type": "fillRect",
  },
  Object {
    "props": Object {
      "height": 40,
      "width": 40,
      "x": 160,
      "y": 80,
    },
    "transform": Array [
      1,
      0,
      0,
      1,
      0,
      0,
    ],
    "type": "fillRect",
  },
  Object {
    "props": Object {
      "height": 40,
      "width": 40,
      "x": 0,
      "y": 120,
    },
    "transform": Array [
      1,
      0,
      0,
      1,
      0,
      0,
    ],
    "type": "fillRect",
  },
  Object {
    "props": Object {
      "height": 40,
      "width": 40,
      "x": 40,
      "y": 120,
    },
    "transform": Array [
      1,
      0,
      0,
      1,
      0,
      0,
    ],
    "type": "fillRect",
  },
  Object {
    "props": Object {
      "height": 40,
      "width": 40,
      "x": 80,
      "y": 120,
    },
    "transform": Array [
      1,
      0,
      0,
      1,
      0,
      0,
    ],
    "type": "fillRect",
  },
  Object {
    "props": Object {
      "height": 40,
      "width": 40,
      "x": 120,
      "y": 120,
    },
    "transform": Array [
      1,
      0,
      0,
      1,
      0,
      0,
    ],
    "type": "fillRect",
  },
  Object {
    "props": Object {
      "height": 40,
      "width": 40,
      "x": 160,
      "y": 120,
    },
    "transform": Array [
      1,
      0,
      0,
      1,
      0,
      0,
    ],
    "type": "fillRect",
  },
  Object {
    "props": Object {
      "height": 40,
      "width": 40,
      "x": 0,
      "y": 160,
    },
    "transform": Array [
      1,
      0,
      0,
      1,
      0,
      0,
    ],
    "type": "fillRect",
  },
  Object {
    "props": Object {
      "height": 40,
      "width": 40,
      "x": 40,
      "y": 160,
    },
    "transform": Array [
      1,
      0,
      0,
      1,
      0,
      0,
    ],
    "type": "fillRect",
  },
  Object {
    "props": Object {
      "height": 40,
      "width": 40,
      "x": 80,
      "y": 160,
    },
    "transform": Array [
      1,
      0,
      0,
      1,
      0,
      0,
    ],
    "type": "fillRect",
  },
  Object {
    "props": Object {
      "height": 40,
      "width": 40,
      "x": 120,
      "y": 160,
    },
    "transform": Array [
      1,
      0,
      0,
      1,
      0,
      0,
    ],
    "type": "fillRect",
  },
  Object {
    "props": Object {
      "height": 40,
      "width": 40,
      "x": 160,
      "y": 160,
    },
    "transform": Array [
      1,
      0,
      0,
      1,
      0,
      0,
    ],
    "type": "fillRect",
  },
  Object {
    "props": Object {
      "height": 43,
      "width": 43,
      "x": 0,
      "y": 0,
    },
    "transform": Array [
      1,
      0,
      0,
      1,
      0,
      0,
    ],
    "type": "fillRect",
  },
  Object {
    "props": Object {
      "height": 42,
      "width": 42,
      "x": -1,
      "y": -1,
    },
    "transform": Array [
      1,
      0,
      0,
      1,
      0,
      0,
    ],
    "type": "fillRect",
  },
  Object {
    "props": Object {
      "height": 40,
      "width": 40,
      "x": 0,
      "y": 0,
    },
    "transform": Array [
      1,
      0,
      0,
      1,
      0,
      0,
    ],
    "type": "fillRect",
  },
]
`;

exports[`CanvasBuilder should select last pixel when clicking over it 1`] = `
Array [
  Object {
    "props": Object {
      "height": 40,
      "width": 40,
      "x": 0,
      "y": 0,
    },
    "transform": Array [
      1,
      0,
      0,
      1,
      0,
      0,
    ],
    "type": "fillRect",
  },
  Object {
    "props": Object {
      "height": 40,
      "width": 40,
      "x": 40,
      "y": 0,
    },
    "transform": Array [
      1,
      0,
      0,
      1,
      0,
      0,
    ],
    "type": "fillRect",
  },
  Object {
    "props": Object {
      "height": 40,
      "width": 40,
      "x": 80,
      "y": 0,
    },
    "transform": Array [
      1,
      0,
      0,
      1,
      0,
      0,
    ],
    "type": "fillRect",
  },
  Object {
    "props": Object {
      "height": 40,
      "width": 40,
      "x": 120,
      "y": 0,
    },
    "transform": Array [
      1,
      0,
      0,
      1,
      0,
      0,
    ],
    "type": "fillRect",
  },
  Object {
    "props": Object {
      "height": 40,
      "width": 40,
      "x": 160,
      "y": 0,
    },
    "transform": Array [
      1,
      0,
      0,
      1,
      0,
      0,
    ],
    "type": "fillRect",
  },
  Object {
    "props": Object {
      "height": 40,
      "width": 40,
      "x": 0,
      "y": 40,
    },
    "transform": Array [
      1,
      0,
      0,
      1,
      0,
      0,
    ],
    "type": "fillRect",
  },
  Object {
    "props": Object {
      "height": 40,
      "width": 40,
      "x": 40,
      "y": 40,
    },
    "transform": Array [
      1,
      0,
      0,
      1,
      0,
      0,
    ],
    "type": "fillRect",
  },
  Object {
    "props": Object {
      "height": 40,
      "width": 40,
      "x": 80,
      "y": 40,
    },
    "transform": Array [
      1,
      0,
      0,
      1,
      0,
      0,
    ],
    "type": "fillRect",
  },
  Object {
    "props": Object {
      "height": 40,
      "width": 40,
      "x": 120,
      "y": 40,
    },
    "transform": Array [
      1,
      0,
      0,
      1,
      0,
      0,
    ],
    "type": "fillRect",
  },
  Object {
    "props": Object {
      "height": 40,
      "width": 40,
      "x": 160,
      "y": 40,
    },
    "transform": Array [
      1,
      0,
      0,
      1,
      0,
      0,
    ],
    "type": "fillRect",
  },
  Object {
    "props": Object {
      "height": 40,
      "width": 40,
      "x": 0,
      "y": 80,
    },
    "transform": Array [
      1,
      0,
      0,
      1,
      0,
      0,
    ],
    "type": "fillRect",
  },
  Object {
    "props": Object {
      "height": 40,
      "width": 40,
      "x": 40,
      "y": 80,
    },
    "transform": Array [
      1,
      0,
      0,
      1,
      0,
      0,
    ],
    "type": "fillRect",
  },
  Object {
    "props": Object {
      "height": 40,
      "width": 40,
      "x": 80,
      "y": 80,
    },
    "transform": Array [
      1,
      0,
      0,
      1,
      0,
      0,
    ],
    "type": "fillRect",
  },
  Object {
    "props": Object {
      "height": 40,
      "width": 40,
      "x": 120,
      "y": 80,
    },
    "transform": Array [
      1,
      0,
      0,
      1,
      0,
      0,
    ],
    "type": "fillRect",
  },
  Object {
    "props": Object {
      "height": 40,
      "width": 40,
      "x": 160,
      "y": 80,
    },
    "transform": Array [
      1,
      0,
      0,
      1,
      0,
      0,
    ],
    "type": "fillRect",
  },
  Object {
    "props": Object {
      "height": 40,
      "width": 40,
      "x": 0,
      "y": 120,
    },
    "transform": Array [
      1,
      0,
      0,
      1,
      0,
      0,
    ],
    "type": "fillRect",
  },
  Object {
    "props": Object {
      "height": 40,
      "width": 40,
      "x": 40,
      "y": 120,
    },
    "transform": Array [
      1,
      0,
      0,
      1,
      0,
      0,
    ],
    "type": "fillRect",
  },
  Object {
    "props": Object {
      "height": 40,
      "width": 40,
      "x": 80,
      "y": 120,
    },
    "transform": Array [
      1,
      0,
      0,
      1,
      0,
      0,
    ],
    "type": "fillRect",
  },
  Object {
    "props": Object {
      "height": 40,
      "width": 40,
      "x": 120,
      "y": 120,
    },
    "transform": Array [
      1,
      0,
      0,
      1,
      0,
      0,
    ],
    "type": "fillRect",
  },
  Object {
    "props": Object {
      "height": 40,
      "width": 40,
      "x": 160,
      "y": 120,
    },
    "transform": Array [
      1,
      0,
      0,
      1,
      0,
      0,
    ],
    "type": "fillRect",
  },
  Object {
    "props": Object {
      "height": 40,
      "width": 40,
      "x": 0,
      "y": 160,
    },
    "transform": Array [
      1,
      0,
      0,
      1,
      0,
      0,
    ],
    "type": "fillRect",
  },
  Object {
    "props": Object {
      "height": 40,
      "width": 40,
      "x": 40,
      "y": 160,
    },
    "transform": Array [
      1,
      0,
      0,
      1,
      0,
      0,
    ],
    "type": "fillRect",
  },
  Object {
    "props": Object {
      "height": 40,
      "width": 40,
      "x": 80,
      "y": 160,
    },
    "transform": Array [
      1,
      0,
      0,
      1,
      0,
      0,
    ],
    "type": "fillRect",
  },
  Object {
    "props": Object {
      "height": 40,
      "width": 40,
      "x": 120,
      "y": 160,
    },
    "transform": Array [
      1,
      0,
      0,
      1,
      0,
      0,
    ],
    "type": "fillRect",
  },
  Object {
    "props": Object {
      "height": 40,
      "width": 40,
      "x": 160,
      "y": 160,
    },
    "transform": Array [
      1,
      0,
      0,
      1,
      0,
      0,
    ],
    "type": "fillRect",
  },
  Object {
    "props": Object {
      "height": 43,
      "width": 43,
      "x": 0,
      "y": 0,
    },
    "transform": Array [
      1,
      0,
      0,
      1,
      0,
      0,
    ],
    "type": "fillRect",
  },
  Object {
    "props": Object {
      "height": 42,
      "width": 42,
      "x": -1,
      "y": -1,
    },
    "transform": Array [
      1,
      0,
      0,
      1,
      0,
      0,
    ],
    "type": "fillRect",
  },
  Object {
    "props": Object {
      "height": 40,
      "width": 40,
      "x": 0,
      "y": 0,
    },
    "transform": Array [
      1,
      0,
      0,
      1,
      0,
      0,
    ],
    "type": "fillRect",
  },
  Object {
    "props": Object {
      "height": 40,
      "width": 40,
      "x": 0,
      "y": 0,
    },
    "transform": Array [
      1,
      0,
      0,
      1,
      0,
      0,
    ],
    "type": "fillRect",
  },
  Object {
    "props": Object {
      "height": 40,
      "width": 40,
      "x": 40,
      "y": 0,
    },
    "transform": Array [
      1,
      0,
      0,
      1,
      0,
      0,
    ],
    "type": "fillRect",
  },
  Object {
    "props": Object {
      "height": 40,
      "width": 40,
      "x": 0,
      "y": 40,
    },
    "transform": Array [
      1,
      0,
      0,
      1,
      0,
      0,
    ],
    "type": "fillRect",
  },
  Object {
    "props": Object {
      "height": 40,
      "width": 40,
      "x": 40,
      "y": 40,
    },
    "transform": Array [
      1,
      0,
      0,
      1,
      0,
      0,
    ],
    "type": "fillRect",
  },
  Object {
    "props": Object {
      "height": 43,
      "width": 43,
      "x": 160,
      "y": 160,
    },
    "transform": Array [
      1,
      0,
      0,
      1,
      0,
      0,
    ],
    "type": "fillRect",
  },
  Object {
    "props": Object {
      "height": 42,
      "width": 42,
      "x": 159,
      "y": 159,
    },
    "transform": Array [
      1,
      0,
      0,
      1,
      0,
      0,
    ],
    "type": "fillRect",
  },
  Object {
    "props": Object {
      "height": 40,
      "width": 40,
      "x": 160,
      "y": 160,
    },
    "transform": Array [
      1,
      0,
      0,
      1,
      0,
      0,
    ],
    "type": "fillRect",
  },
]
`;
